Traceback (most recent call last):
  File "/media/colin/Shared/colin/git/materials-ml-workshop/env/lib/python3.10/site-packages/jupyter_cache/executors/utils.py", line 58, in single_nb_execution
    executenb(
  File "/media/colin/Shared/colin/git/materials-ml-workshop/env/lib/python3.10/site-packages/nbclient/client.py", line 1305, in execute
    return NotebookClient(nb=nb, resources=resources, km=km, **kwargs).execute()
  File "/media/colin/Shared/colin/git/materials-ml-workshop/env/lib/python3.10/site-packages/jupyter_core/utils/__init__.py", line 166, in wrapped
    return loop.run_until_complete(inner)
  File "/usr/lib/python3.10/asyncio/base_events.py", line 649, in run_until_complete
    return future.result()
  File "/media/colin/Shared/colin/git/materials-ml-workshop/env/lib/python3.10/site-packages/nbclient/client.py", line 705, in async_execute
    await self.async_execute_cell(
  File "/media/colin/Shared/colin/git/materials-ml-workshop/env/lib/python3.10/site-packages/nbclient/client.py", line 1058, in async_execute_cell
    await self._check_raise_for_error(cell, cell_index, exec_reply)
  File "/media/colin/Shared/colin/git/materials-ml-workshop/env/lib/python3.10/site-packages/nbclient/client.py", line 914, in _check_raise_for_error
    raise CellExecutionError.from_cell_and_msg(cell, exec_reply_content)
nbclient.exceptions.CellExecutionError: An error occurred while executing the following cell:
------------------
import ast # <- parses Python literals from text

# Generate a list of elements in the dataset:
ELEMENTS = set()
for v in xrd_df['composition'].values:
    ELEMENTS |= set(ast.literal_eval(v).keys())
ELEMENTS = sorted(ELEMENTS)

# Generate a list of the crystal systems in the dataset:
CRYSTAL_SYSTEMS = sorted(set(xrd_df['crystal_system']))

# print the sizes of ELEMENTS and CRYSTAL_SYSTEMS
print('Number of elements:', len(ELEMENTS))
print('Number of symmetry symbols:', len(SYMM_SYMBOLS))
print('Number of crystal systems:', len(CRYSTAL_SYSTEMS))
------------------

----- stdout -----
Number of elements: 85
------------------

[0;31m---------------------------------------------------------------------------[0m
[0;31mNameError[0m                                 Traceback (most recent call last)
Cell [0;32mIn[4], line 14[0m
[1;32m     12[0m [38;5;66;03m# print the sizes of ELEMENTS and CRYSTAL_SYSTEMS[39;00m
[1;32m     13[0m [38;5;28mprint[39m([38;5;124m'[39m[38;5;124mNumber of elements:[39m[38;5;124m'[39m, [38;5;28mlen[39m(ELEMENTS))
[0;32m---> 14[0m [38;5;28mprint[39m([38;5;124m'[39m[38;5;124mNumber of symmetry symbols:[39m[38;5;124m'[39m, [38;5;28mlen[39m([43mSYMM_SYMBOLS[49m))
[1;32m     15[0m [38;5;28mprint[39m([38;5;124m'[39m[38;5;124mNumber of crystal systems:[39m[38;5;124m'[39m, [38;5;28mlen[39m(CRYSTAL_SYSTEMS))

[0;31mNameError[0m: name 'SYMM_SYMBOLS' is not defined

